{"level":"fatal","time":"2025-10-07T18:59:34.073+0800","caller":"server/main.go:41","msg":"Failed to create video handler","error":"failed to create video service: failed to initialize database: failed to connect to database: Error 1045 (28000): Access denied for user ''@'localhost' (using password: NO)"}
{"level":"fatal","time":"2025-10-07T19:00:57.332+0800","caller":"server/main.go:41","msg":"Failed to create video handler","error":"failed to create video service: failed to initialize database: failed to connect to database: Error 1045 (28000): Access denied for user ''@'localhost' (using password: NO)"}
{"level":"fatal","time":"2025-10-07T19:09:05.839+0800","caller":"server/main.go:45","msg":"Failed to create video handler","error":"failed to create video service: failed to initialize database: failed to connect to database: Error 1045 (28000): Access denied for user ''@'localhost' (using password: NO)"}
{"level":"fatal","time":"2025-10-07T19:13:12.984+0800","caller":"server/main.go:45","msg":"Failed to create video handler","error":"failed to create video service: failed to initialize database: failed to connect to database: Error 1045 (28000): Access denied for user ''@'localhost' (using password: NO)"}
{"level":"fatal","time":"2025-10-07T19:15:46.140+0800","caller":"server/main.go:45","msg":"Failed to create video handler","error":"failed to create video service: failed to initialize database: failed to connect to database: Error 1045 (28000): Access denied for user ''@'localhost' (using password: NO)"}
{"level":"fatal","time":"2025-10-07T19:16:33.285+0800","caller":"server/main.go:45","msg":"Failed to create video handler","error":"failed to create video service: failed to initialize database: failed to connect to database: Error 1045 (28000): Access denied for user ''@'localhost' (using password: NO)"}
{"level":"fatal","time":"2025-10-07T19:17:05.228+0800","caller":"server/main.go:45","msg":"Failed to create video handler","error":"failed to create video service: failed to initialize database: failed to connect to database: Error 1045 (28000): Access denied for user ''@'localhost' (using password: NO)"}
{"level":"fatal","time":"2025-10-07T19:17:17.646+0800","caller":"server/main.go:45","msg":"Failed to create video handler","error":"failed to create video service: failed to initialize database: failed to connect to database: Error 1045 (28000): Access denied for user ''@'localhost' (using password: NO)"}
{"level":"fatal","time":"2025-10-07T19:17:21.035+0800","caller":"server/main.go:45","msg":"Failed to create video handler","error":"failed to create video service: failed to initialize database: failed to connect to database: Error 1045 (28000): Access denied for user ''@'localhost' (using password: NO)"}
{"level":"fatal","time":"2025-10-07T19:18:35.782+0800","caller":"server/main.go:45","msg":"Failed to create video handler","error":"failed to create video service: failed to initialize database: failed to connect to database: Error 1045 (28000): Access denied for user ''@'localhost' (using password: NO)"}
{"level":"fatal","time":"2025-10-07T19:19:19.890+0800","caller":"server/main.go:45","msg":"Failed to create video handler","error":"failed to create video service: failed to initialize database: failed to connect to database: Error 1045 (28000): Access denied for user ''@'localhost' (using password: NO)"}
{"level":"fatal","time":"2025-10-07T19:22:31.936+0800","caller":"server/main.go:45","msg":"Failed to create video handler","error":"failed to create video service: failed to initialize database: failed to connect to database: Error 1045 (28000): Access denied for user 'root'@'localhost' (using password: NO)"}
{"level":"fatal","time":"2025-10-07T19:22:50.366+0800","caller":"server/main.go:45","msg":"Failed to create video handler","error":"failed to create video service: failed to initialize tables: Error 1046 (3D000): No database selected"}
{"level":"info","time":"2025-10-07T19:23:40.022+0800","caller":"repository/video_repository.go:33","msg":"Video repository initialized successfully"}
{"level":"fatal","time":"2025-10-07T19:23:40.023+0800","caller":"server/main.go:54","msg":"Failed to listen","address":":50052","error":"listen tcp :50052: bind: address already in use"}
{"level":"info","time":"2025-10-07T19:23:57.263+0800","caller":"repository/video_repository.go:33","msg":"Video repository initialized successfully"}
{"level":"info","time":"2025-10-07T19:23:57.264+0800","caller":"handler/handler.go:38","msg":"Registering video service to discovery","service":"video-service","address":":50052"}
{"level":"info","time":"2025-10-07T19:23:57.264+0800","caller":"server/main.go:74","msg":"Video service starting","address":":50052"}
{"level":"info","time":"2025-10-07T19:30:11.153+0800","caller":"server/main.go:68","msg":"Shutting down server..."}
{"level":"fatal","time":"2025-10-07T19:30:36.905+0800","caller":"server/main.go:45","msg":"Failed to create video handler","error":"failed to create video service: failed to initialize database: failed to connect to database: Error 1045 (28000): Access denied for user 'root'@'localhost' (using password: YES)"}
{"level":"info","time":"2025-10-07T19:31:57.325+0800","caller":"repository/video_repository.go:33","msg":"Video repository initialized successfully"}
{"level":"info","time":"2025-10-07T19:31:57.326+0800","caller":"handler/handler.go:38","msg":"Registering video service to discovery","service":"video-service","address":":50052"}
{"level":"info","time":"2025-10-07T19:31:57.326+0800","caller":"server/main.go:74","msg":"Video service starting","address":":50052"}
{"level":"info","time":"2025-11-02T11:15:41.849+0800","caller":"repository/video_repository.go:35","msg":"Video repository initialized successfully"}
{"level":"fatal","time":"2025-11-02T11:15:46.855+0800","caller":"server/main.go:60","msg":"Failed to create video handler","error":"failed to connect to audit service: context deadline exceeded"}
