{"level":"info","timestamp":"2025-10-08T22:37:23.443+0800","caller":"logger/logger.go:88","msg":"Starting live service","version":"1.0.0"}
{"level":"info","timestamp":"2025-10-08T22:37:23.492+0800","caller":"logger/logger.go:88","msg":"Database connected successfully"}
{"level":"info","timestamp":"2025-10-08T22:37:23.492+0800","caller":"logger/logger.go:88","msg":"Database models initialized successfully"}
{"level":"info","timestamp":"2025-10-08T22:37:23.493+0800","caller":"logger/logger.go:88","msg":"Redis connected successfully"}
{"level":"info","timestamp":"2025-10-08T22:37:23.602+0800","caller":"logger/logger.go:88","msg":"Audit manager set successfully"}
{"level":"info","timestamp":"2025-10-08T22:37:23.602+0800","caller":"logger/logger.go:88","msg":"Audit client manager initialized successfully"}
{"level":"info","timestamp":"2025-10-08T22:37:23.602+0800","caller":"logger/logger.go:88","msg":"Live service registered"}
{"level":"info","timestamp":"2025-10-08T22:37:23.603+0800","caller":"logger/logger.go:88","msg":"gRPC server starting","address":"0.0.0.0:50055"}
{"level":"info","timestamp":"2025-10-08T22:37:24.099+0800","caller":"logger/logger.go:88","msg":"Service registered to etcd","address":"0.0.0.0:50055"}
{"level":"info","timestamp":"2025-10-08T22:47:37.858+0800","caller":"logger/logger.go:88","msg":"gRPC request started","method":"/livepb.LiveService/GetLiveList","request":"page:1 page_size:10"}
{"level":"info","timestamp":"2025-10-08T22:47:37.858+0800","caller":"logger/logger.go:88","msg":"GetLiveList called"}
{"level":"info","timestamp":"2025-10-08T22:47:37.858+0800","caller":"logger/logger.go:88","msg":"gRPC request completed","method":"/livepb.LiveService/GetLiveList","duration":0.000240454}
{"level":"info","timestamp":"2025-10-08T22:51:07.791+0800","caller":"logger/logger.go:88","msg":"gRPC request started","method":"/livepb.LiveService/StartLive","request":"title:\"33333333\""}
{"level":"info","timestamp":"2025-10-08T22:51:07.791+0800","caller":"logger/logger.go:88","msg":"StartLive called","user_id":0,"title":"33333333"}
{"level":"error","timestamp":"2025-10-08T22:51:07.979+0800","caller":"logger/logger.go:98","msg":"Failed to submit live content for audit","error":"rpc error: code = Internal desc = failed to submit content for audit","content_id":"live_stream_1759935067","stacktrace":"live_service/pkg/logger.(*zapLogger).Error\n\t/Users/kanyu/Desktop/project/kanyu_server/new_project/project/vision_world_back/service/live_service/pkg/logger/logger.go:98\nlive_service/internal/handler.(*LiveServiceHandler).StartLive\n\t/Users/kanyu/Desktop/project/kanyu_server/new_project/project/vision_world_back/service/live_service/internal/handler/handler.go:78\nlive_service/proto/proto_gen._LiveService_StartLive_Handler.func1\n\t/Users/kanyu/Desktop/project/kanyu_server/new_project/project/vision_world_back/service/live_service/proto/proto_gen/live_grpc.pb.go:344\nmain.main.unaryInterceptor.func8\n\t/Users/kanyu/Desktop/project/kanyu_server/new_project/project/vision_world_back/service/live_service/cmd/server/main.go:169\nlive_service/proto/proto_gen._LiveService_StartLive_Handler\n\t/Users/kanyu/Desktop/project/kanyu_server/new_project/project/vision_world_back/service/live_service/proto/proto_gen/live_grpc.pb.go:346\ngoogle.golang.org/grpc.(*Server).processUnaryRPC\n\t/Users/kanyu/Desktop/goproject/pkg/mod/google.golang.org/grpc@v1.75.1/server.go:1431\ngoogle.golang.org/grpc.(*Server).handleStream\n\t/Users/kanyu/Desktop/goproject/pkg/mod/google.golang.org/grpc@v1.75.1/server.go:1842\ngoogle.golang.org/grpc.(*Server).serveStreams.func2.1\n\t/Users/kanyu/Desktop/goproject/pkg/mod/google.golang.org/grpc@v1.75.1/server.go:1061"}
{"level":"info","timestamp":"2025-10-08T22:51:07.980+0800","caller":"logger/logger.go:88","msg":"Starting live stream","stream_id":"stream_1759935067","user_id":0,"title":"33333333"}
{"level":"info","timestamp":"2025-10-08T22:51:07.980+0800","caller":"logger/logger.go:88","msg":"gRPC request completed","method":"/livepb.LiveService/StartLive","duration":0.188967187}
{"level":"info","timestamp":"2025-10-08T23:10:28.400+0800","caller":"logger/logger.go:88","msg":"gRPC request started","method":"/livepb.LiveService/StartLive","request":"title:\"33333333\""}
{"level":"info","timestamp":"2025-10-08T23:10:28.401+0800","caller":"logger/logger.go:88","msg":"StartLive called","user_id":0,"title":"33333333"}
{"level":"error","timestamp":"2025-10-08T23:10:28.435+0800","caller":"logger/logger.go:98","msg":"Failed to submit live content for audit","error":"rpc error: code = Internal desc = failed to submit content for audit","content_id":"live_stream_1759936228","stacktrace":"live_service/pkg/logger.(*zapLogger).Error\n\t/Users/kanyu/Desktop/project/kanyu_server/new_project/project/vision_world_back/service/live_service/pkg/logger/logger.go:98\nlive_service/internal/handler.(*LiveServiceHandler).StartLive\n\t/Users/kanyu/Desktop/project/kanyu_server/new_project/project/vision_world_back/service/live_service/internal/handler/handler.go:78\nlive_service/proto/proto_gen._LiveService_StartLive_Handler.func1\n\t/Users/kanyu/Desktop/project/kanyu_server/new_project/project/vision_world_back/service/live_service/proto/proto_gen/live_grpc.pb.go:344\nmain.main.unaryInterceptor.func8\n\t/Users/kanyu/Desktop/project/kanyu_server/new_project/project/vision_world_back/service/live_service/cmd/server/main.go:169\nlive_service/proto/proto_gen._LiveService_StartLive_Handler\n\t/Users/kanyu/Desktop/project/kanyu_server/new_project/project/vision_world_back/service/live_service/proto/proto_gen/live_grpc.pb.go:346\ngoogle.golang.org/grpc.(*Server).processUnaryRPC\n\t/Users/kanyu/Desktop/goproject/pkg/mod/google.golang.org/grpc@v1.75.1/server.go:1431\ngoogle.golang.org/grpc.(*Server).handleStream\n\t/Users/kanyu/Desktop/goproject/pkg/mod/google.golang.org/grpc@v1.75.1/server.go:1842\ngoogle.golang.org/grpc.(*Server).serveStreams.func2.1\n\t/Users/kanyu/Desktop/goproject/pkg/mod/google.golang.org/grpc@v1.75.1/server.go:1061"}
{"level":"info","timestamp":"2025-10-08T23:10:28.436+0800","caller":"logger/logger.go:88","msg":"Starting live stream","stream_id":"stream_1759936228","user_id":0,"title":"33333333"}
{"level":"info","timestamp":"2025-10-08T23:10:28.436+0800","caller":"logger/logger.go:88","msg":"gRPC request completed","method":"/livepb.LiveService/StartLive","duration":0.035261021}
